[18-Jun-2026 13:41:35 Asia/Manila] PHP Fatal error:  Uncaught mysqli_sql_exception: Field 'dateTimeRead' doesn't have a default value in /var/www/html/qms_optiqual/generalComponents/submit_policy.php:268
Stack trace:
#0 /var/www/html/qms_optiqual/generalComponents/submit_policy.php(268): mysqli_stmt->execute()
#1 {main}
  thrown in /var/www/html/qms_optiqual/generalComponents/submit_policy.php on line 268
[18-Jun-2026 13:41:35 Asia/Manila] FATAL in submit_policy.php: Uncaught mysqli_sql_exception: Field 'dateTimeRead' doesn't have a default value in /var/www/html/qms_optiqual/generalComponents/submit_policy.php:268
Stack trace:
#0 /var/www/html/qms_optiqual/generalComponents/submit_policy.php(268): mysqli_stmt->execute()
#1 {main}
  thrown in /var/www/html/qms_optiqual/generalComponents/submit_policy.php on line 268
[18-Jun-2026 15:51:13 Asia/Manila] PHP Warning:  move_uploaded_file(/var/www/html/qms_optiqual/generalComponents/../files/logs/LOG_1781769073_SAMPLE_Change_Request_Form.pdf): Failed to open stream: Permission denied in /var/www/html/qms_optiqual/generalComponents/submit_policy.php on line 162
[18-Jun-2026 15:51:13 Asia/Manila] PHP Warning:  move_uploaded_file(): Unable to move &quot;/tmp/php9iQrUg&quot; to &quot;/var/www/html/qms_optiqual/generalComponents/../files/logs/LOG_1781769073_SAMPLE_Change_Request_Form.pdf&quot; in /var/www/html/qms_optiqual/generalComponents/submit_policy.php on line 162
[18-Jun-2026 15:51:13 Asia/Manila] move_uploaded_file() failed for change-log file: /var/www/html/qms_optiqual/generalComponents/../files/logs/LOG_1781769073_SAMPLE_Change_Request_Form.pdf
[18-Jun-2026 16:11:26 Asia/Manila] PHP Warning:  move_uploaded_file(/var/www/html/qms_optiqual/generalComponents/../files/logs/LOG_1781770286_SAMPLE_Change_Request_Form.pdf): Failed to open stream: Permission denied in /var/www/html/qms_optiqual/generalComponents/submit_policy.php on line 162
[18-Jun-2026 16:11:26 Asia/Manila] PHP Warning:  move_uploaded_file(): Unable to move &quot;/tmp/phpqiJy0s&quot; to &quot;/var/www/html/qms_optiqual/generalComponents/../files/logs/LOG_1781770286_SAMPLE_Change_Request_Form.pdf&quot; in /var/www/html/qms_optiqual/generalComponents/submit_policy.php on line 162
[18-Jun-2026 16:11:26 Asia/Manila] move_uploaded_file() failed for change-log file: /var/www/html/qms_optiqual/generalComponents/../files/logs/LOG_1781770286_SAMPLE_Change_Request_Form.pdf
[19-Jun-2026 09:47:04 Asia/Manila] PHP Warning:  move_uploaded_file(/var/www/html/qms_optiqual/generalComponents/../files/logs/LOG_1781833624_SAMPLE_Change_Request_Form.pdf): Failed to open stream: Permission denied in /var/www/html/qms_optiqual/generalComponents/submit_policy.php on line 162
[19-Jun-2026 09:47:04 Asia/Manila] PHP Warning:  move_uploaded_file(): Unable to move &quot;/tmp/phpSWEg63&quot; to &quot;/var/www/html/qms_optiqual/generalComponents/../files/logs/LOG_1781833624_SAMPLE_Change_Request_Form.pdf&quot; in /var/www/html/qms_optiqual/generalComponents/submit_policy.php on line 162
[19-Jun-2026 09:47:04 Asia/Manila] move_uploaded_file() failed for change-log file: /var/www/html/qms_optiqual/generalComponents/../files/logs/LOG_1781833624_SAMPLE_Change_Request_Form.pdf
[19-Jun-2026 10:01:55 Asia/Manila] PHP Warning:  move_uploaded_file(/var/www/html/qms_optiqual/generalComponents/../files/logs/LOG_1781834515_SAMPLE_Change_Request_Form.pdf): Failed to open stream: Permission denied in /var/www/html/qms_optiqual/generalComponents/submit_policy.php on line 162
[19-Jun-2026 10:01:55 Asia/Manila] PHP Warning:  move_uploaded_file(): Unable to move &quot;/tmp/phpT2aP1T&quot; to &quot;/var/www/html/qms_optiqual/generalComponents/../files/logs/LOG_1781834515_SAMPLE_Change_Request_Form.pdf&quot; in /var/www/html/qms_optiqual/generalComponents/submit_policy.php on line 162
[19-Jun-2026 10:01:55 Asia/Manila] move_uploaded_file() failed for change-log file: /var/www/html/qms_optiqual/generalComponents/../files/logs/LOG_1781834515_SAMPLE_Change_Request_Form.pdf
[19-Jun-2026 10:13:17 Asia/Manila] PHP Warning:  move_uploaded_file(/var/www/html/qms_optiqual/generalComponents/../files/logs/LOG_1781835197_SAMPLE_Change_Request_Form.pdf): Failed to open stream: Permission denied in /var/www/html/qms_optiqual/generalComponents/submit_policy.php on line 162
[19-Jun-2026 10:13:17 Asia/Manila] PHP Warning:  move_uploaded_file(): Unable to move &quot;/tmp/php8sApwd&quot; to &quot;/var/www/html/qms_optiqual/generalComponents/../files/logs/LOG_1781835197_SAMPLE_Change_Request_Form.pdf&quot; in /var/www/html/qms_optiqual/generalComponents/submit_policy.php on line 162
[19-Jun-2026 10:13:17 Asia/Manila] move_uploaded_file() failed for change-log file: /var/www/html/qms_optiqual/generalComponents/../files/logs/LOG_1781835197_SAMPLE_Change_Request_Form.pdf
[19-Jun-2026 10:21:47 Asia/Manila] PHP Warning:  move_uploaded_file(/var/www/html/qms_optiqual/generalComponents/../files/logs/LOG_1781835707_SAMPLE_Change_Request_Form.pdf): Failed to open stream: Permission denied in /var/www/html/qms_optiqual/generalComponents/submit_policy.php on line 162
[19-Jun-2026 10:21:47 Asia/Manila] PHP Warning:  move_uploaded_file(): Unable to move &quot;/tmp/phpxiBdNG&quot; to &quot;/var/www/html/qms_optiqual/generalComponents/../files/logs/LOG_1781835707_SAMPLE_Change_Request_Form.pdf&quot; in /var/www/html/qms_optiqual/generalComponents/submit_policy.php on line 162
[19-Jun-2026 10:21:47 Asia/Manila] move_uploaded_file() failed for change-log file: /var/www/html/qms_optiqual/generalComponents/../files/logs/LOG_1781835707_SAMPLE_Change_Request_Form.pdf
[19-Jun-2026 10:24:38 Asia/Manila] PHP Warning:  move_uploaded_file(/var/www/html/qms_optiqual/generalComponents/../files/logs/LOG_1781835878_SAMPLE_Change_Request_Form.pdf): Failed to open stream: Permission denied in /var/www/html/qms_optiqual/generalComponents/submit_policy.php on line 162
[19-Jun-2026 10:24:38 Asia/Manila] PHP Warning:  move_uploaded_file(): Unable to move &quot;/tmp/php3E9FTP&quot; to &quot;/var/www/html/qms_optiqual/generalComponents/../files/logs/LOG_1781835878_SAMPLE_Change_Request_Form.pdf&quot; in /var/www/html/qms_optiqual/generalComponents/submit_policy.php on line 162
[19-Jun-2026 10:24:38 Asia/Manila] move_uploaded_file() failed for change-log file: /var/www/html/qms_optiqual/generalComponents/../files/logs/LOG_1781835878_SAMPLE_Change_Request_Form.pdf
[19-Jun-2026 10:31:49 Asia/Manila] PHP Warning:  move_uploaded_file(/var/www/html/qms_optiqual/generalComponents/../files/logs/LOG_1781836309_SAMPLE_Change_Request_Form.pdf): Failed to open stream: Permission denied in /var/www/html/qms_optiqual/generalComponents/submit_policy.php on line 162
[19-Jun-2026 10:31:49 Asia/Manila] PHP Warning:  move_uploaded_file(): Unable to move &quot;/tmp/phpaeAb0J&quot; to &quot;/var/www/html/qms_optiqual/generalComponents/../files/logs/LOG_1781836309_SAMPLE_Change_Request_Form.pdf&quot; in /var/www/html/qms_optiqual/generalComponents/submit_policy.php on line 162
[19-Jun-2026 10:31:49 Asia/Manila] move_uploaded_file() failed for change-log file: /var/www/html/qms_optiqual/generalComponents/../files/logs/LOG_1781836309_SAMPLE_Change_Request_Form.pdf
[19-Jun-2026 14:45:43 Asia/Manila] PHP Warning:  move_uploaded_file(/var/www/html/qms_optiqual/generalComponents/../files/logs/LOG_1781851543_SAMPLE_Change_Request_Form.pdf): Failed to open stream: Permission denied in /var/www/html/qms_optiqual/generalComponents/submit_policy.php on line 162
[19-Jun-2026 14:45:43 Asia/Manila] PHP Warning:  move_uploaded_file(): Unable to move &quot;/tmp/php5RTe0r&quot; to &quot;/var/www/html/qms_optiqual/generalComponents/../files/logs/LOG_1781851543_SAMPLE_Change_Request_Form.pdf&quot; in /var/www/html/qms_optiqual/generalComponents/submit_policy.php on line 162
[19-Jun-2026 14:45:43 Asia/Manila] move_uploaded_file() failed for change-log file: /var/www/html/qms_optiqual/generalComponents/../files/logs/LOG_1781851543_SAMPLE_Change_Request_Form.pdf
